
> podsee-mobile@0.1.0 build
> next build

The module 'react' was not found. Next.js requires that you include it in 'dependencies' of your 'package.json'. To add it, run 'npm install react'
The module 'react-dom' was not found. Next.js requires that you include it in 'dependencies' of your 'package.json'. To add it, run 'npm install react-dom'
unhandledRejection Error: Cannot find module '@next/env'
Require stack:
- /Users/marcus/Desktop/podsee landing page/node_modules/next/dist/build/index.js
- /Users/marcus/Desktop/podsee landing page/node_modules/next/dist/cli/next-build.js
    at Module.<anonymous> (node:internal/modules/cjs/loader:1421:15)
    at /Users/marcus/Desktop/podsee landing page/node_modules/next/dist/server/require-hook.js:55:36
    at defaultResolveImpl (node:internal/modules/cjs/loader:1059:19)
    at resolveForCJSWithHooks (node:internal/modules/cjs/loader:1064:22)
    at Module._load (node:internal/modules/cjs/loader:1227:37)
    at TracingChannel.traceSync (node:diagnostics_channel:328:14)
    at wrapModuleLoad (node:internal/modules/cjs/loader:245:24)
    at Module.<anonymous> (node:internal/modules/cjs/loader:1504:12)
    at mod.require (/Users/marcus/Desktop/podsee landing page/node_modules/next/dist/server/require-hook.js:65:28)
    at require (node:internal/modules/helpers:152:16) {
  code: 'MODULE_NOT_FOUND',
  requireStack: [
    '/Users/marcus/Desktop/podsee landing page/node_modules/next/dist/build/index.js',
    '/Users/marcus/Desktop/podsee landing page/node_modules/next/dist/cli/next-build.js'
  ]
}
